<html>
<body>
<pre>
<h1>礦ision Build Log</h1>
<h2>Project:</h2>
D:\广运电子保存项目\GY-85\STM32测试代码\串口输出HMC5883L+ADXL345+BMP085+L3G4200D\串口\lunzhou.uvproj
Project File Date:  08/19/2011

<h2>Output:</h2>
Build target 'Target 1'
compiling main.c...
compiling stm32f10x_it.c...
compiling stm32f10x_rcc.c...
compiling stm32f10x_tim.c...
compiling stm32f10x_usart.c...
compiling stm32f10x_wwdg.c...
compiling misc.c...
compiling stm32f10x_gpio.c...
compiling stm32f10x_flash.c...
assembling startup_stm32f10x_hd.s...
compiling core_cm3.c...
compiling system_stm32f10x.c...
linking...
Program Size: Code=14200 RO-data=496 RW-data=132 ZI-data=1636  
FromELF: creating hex file...
"lunzhou.axf" - 0 Error(s), 0 Warning(s).
